package putback

// The Put Back records macOS keeps for everything in the Trash.
//
// Each trashed item has a location record and a name record in its trash
// directory's .DS_Store, keyed by the name the item has inside the trash:
//
//	ptbL the original parent directory, relative to the volume root
//	ptbN the original name, which differs from the name in the trash when
//	     something was already called that
//
// Nothing else records where a trashed file came from.
const p = 1
